// Jest Snapshot v1, https://goo.gl/fbAQLP

exports[`prueba para el AddCategory debe de mostrarse correctamente 1`] = `
<form
  className="gif__aÃ±adir_categoria"
  onSubmit={[Function]}
>
  <input
    onChange={[Function]}
    type="text"
    value=""
  />
</form>
`;
